id,start_tstamp
1,2021-01-01 00:00:00
1,2021-03-05 00:00:00
2,2021-03-02 00:00:00
2,2021-03-02 00:00:00
3,2021-03-07 00:00:00
4,2021-03-04 00:00:00
5,2021-03-08 00:00:00
