session_identifier
887766f6-dc02-4eb1-9ec5-c997f1cd0d3b
